[      87ms] [LOG] [Fast Refresh] rebuilding @ webpack-internal:///(app-pages-browser)/./node_modules/next/dist/client/dev/hot-reloader/app/hot-reloader-app.js:196
[    3282ms] [LOG] [Fast Refresh] done in 3195ms @ webpack-internal:///(app-pages-browser)/./node_modules/next/dist/client/dev/report-hmr-latency.js:13
[    4408ms] [ERROR] Failed to load resource: the server responded with a status of 500 (Internal Server Error) @ http://127.0.0.1:3000/:0
[    4757ms] [INFO] %cDownload the React DevTools for a better development experience: https://react.dev/link/react-devtools font-weight:bold @ webpack-internal:///(pages-dir-browser)/./node_modules/react-dom/cjs/react-dom-client.development.js:28004
[    4869ms] Error: Cannot find module './331.js'
Require stack:
- D:\chess-mahiru\.next\server\webpack-runtime.js
- D:\chess-mahiru\.next\server\app\icon.svg\route.js
- D:\chess-mahiru\node_modules\next\dist\server\require.js
- D:\chess-mahiru\node_modules\next\dist\server\load-components.js
- D:\chess-mahiru\node_modules\next\dist\build\utils.js
- D:\chess-mahiru\node_modules\next\dist\build\swc\options.js
- D:\chess-mahiru\node_modules\next\dist\build\swc\index.js
- D:\chess-mahiru\node_modules\next\dist\build\next-config-ts\transpile-config.js
- D:\chess-mahiru\node_modules\next\dist\server\config.js
- D:\chess-mahiru\node_modules\next\dist\server\next.js
- D:\chess-mahiru\node_modules\next\dist\server\lib\start-server.js
    at Module.<anonymous> (node:internal/modules/cjs/loader:1456:15)
    at <unknown> (file://D:\chess-mahiru\node_modules\next\dist\server\require-hook.js:57:36)
    at defaultResolveImpl (node:internal/modules/cjs/loader:1066:19)
    at resolveForCJSWithHooks (node:internal/modules/cjs/loader:1071:22)
    at Module._load (node:internal/modules/cjs/loader:1242:25)
    at wrapModuleLoad (node:internal/modules/cjs/loader:255:19)
    at Module.<anonymous> (node:internal/modules/cjs/loader:1556:12)
    at mod.require (file://D:\chess-mahiru\node_modules\next\dist\server\require-hook.js:68:28)
    at require (node:internal/modules/helpers:152:16)
    at __webpack_require__.f.require (file://D:\chess-mahiru\.next\server\webpack-runtime.js:195:28)
    at <unknown> (file://D:\chess-mahiru\.next\server\webpack-runtime.js:108:40)
    at Array.reduce (<anonymous>)
    at __webpack_require__.e (file://D:\chess-mahiru\.next\server\webpack-runtime.js:107:67)
    at Array.map (<anonymous>)
    at __webpack_require__.X (file://D:\chess-mahiru\.next\server\webpack-runtime.js:159:22)
    at <unknown> (file://D:\chess-mahiru\.next\server\app\page.js:38:81962)
    at Object.<anonymous> (file://D:\chess-mahiru\.next\server\app\page.js:38:82011)
    at Module._compile (node:internal/modules/cjs/loader:1812:14)
    at Object..js (node:internal/modules/cjs/loader:1943:10)
    at Module.load (node:internal/modules/cjs/loader:1533:32)
    at Module._load (node:internal/modules/cjs/loader:1335:12)
    at wrapModuleLoad (node:internal/modules/cjs/loader:255:19)
    at Module.<anonymous> (node:internal/modules/cjs/loader:1556:12)
    at mod.require (file://D:\chess-mahiru\node_modules\next\dist\server\require-hook.js:68:28)
    at require (node:internal/modules/helpers:152:16)
    at requirePage (file://D:\chess-mahiru\node_modules\next\dist\server\require.js:99:80)
    at loadComponentsImpl (file://D:\chess-mahiru\node_modules\next\dist\server\load-components.js:132:57)
    at async DevServer.findPageComponentsImpl (file://D:\chess-mahiru\node_modules\next\dist\server\next-server.js:899:36)
    at async DevServer.findPageComponents (file://D:\chess-mahiru\node_modules\next\dist\server\dev\next-dev-server.js:706:16)
    at async DevServer.renderPageComponent (file://D:\chess-mahiru\node_modules\next\dist\server\base-server.js:1460:24)
    at async DevServer.renderToResponseImpl (file://D:\chess-mahiru\node_modules\next\dist\server\base-server.js:1514:32)
    at async DevServer.pipeImpl (file://D:\chess-mahiru\node_modules\next\dist\server\base-server.js:1025:25)
    at async NextNodeServer.handleCatchallRenderRequest (file://D:\chess-mahiru\node_modules\next\dist\server\next-server.js:393:17)
    at async DevServer.handleRequestImpl (file://D:\chess-mahiru\node_modules\next\dist\server\base-server.js:916:17)
    at async (file://D:\chess-mahiru\node_modules\next\dist\server\dev\next-dev-server.js:400:20)
    at async Span.traceAsyncFn (file://D:\chess-mahiru\node_modules\next\dist\trace\trace.js:157:20)
    at async DevServer.handleRequest (file://D:\chess-mahiru\node_modules\next\dist\server\dev\next-dev-server.js:396:24)
    at async invokeRender (file://D:\chess-mahiru\node_modules\next\dist\server\lib\router-server.js:240:21)
    at async handleRequest (file://D:\chess-mahiru\node_modules\next\dist\server\lib\router-server.js:437:24)
    at async requestHandlerImpl (file://D:\chess-mahiru\node_modules\next\dist\server\lib\router-server.js:485:13)
    at async Server.requestListener (file://D:\chess-mahiru\node_modules\next\dist\server\lib\start-server.js:226:13)
[    4869ms] [LOG] [HMR] connected @ webpack-internal:///(pages-dir-browser)/./node_modules/next/dist/client/dev/hot-reloader/pages/websocket.js:45
